// Jest Snapshot v1, https://goo.gl/fbAQLP

exports[`This should render the Expense Dashboard Page 1`] = `
<div>
  <Connect(ExpensesSummary) />
  <Connect(ExpenseListFilters) />
  <Connect(ExpenseList) />
</div>
`;
